npm : npm warn Unknown user config "always-auth". This will stop working in 
the next major version of npm.
At line:1 char:1
+ npm test 2>&1 | Out-File -Encoding utf8 -FilePath test-results.txt; G ...
+ ~~~~~~~~~~~~~
    + CategoryInfo          : NotSpecified: (npm warn Unknow...version of npm. 
   :String) [], RemoteException
    + FullyQualifiedErrorId : NativeCommandError
 

> @ciscode/audit-kit@0.0.0 test
> jest

PASS test/smoke.test.ts (9.682 s)
PASS src/infra/providers/id-generator/nanoid-id-generator.spec.ts (10.081 s)
PASS src/infra/providers/change-detector/deep-diff-change-detector.spec.ts 
(10.332 s)
PASS src/core/audit.service.spec.ts (10.497 s)
PASS src/infra/providers/timestamp/system-timestamp-provider.spec.ts (10.719 s)
FAIL src/infra/repositories/mongodb/mongo-audit.repository.spec.ts (10.883 s)
  ÔùÅ MongoAuditRepository ÔÇ║ CREATE ÔÇ║ should create and return audit log

    expect(jest.fn()).toHaveBeenCalledWith(...expected)

    Expected: {"_id": "log-1", "action": "CREATE", "actor": {"email": 
"john@example.com", "id": "user-1", "name": "John Doe", "type": "user"}, 
"changes": undefined, "ipAddress": "192.0.2.1", "metadata": undefined, 
"resource": {"id": "res-1", "label": "Test User", "type": "user"}, 
"timestamp": 2026-03-19T10:00:00.000Z, "userAgent": "Mozilla/5.0"}

    Number of calls: 0

    [0m [90m  98 |[39m       
expect(created[33m.[39mid)[33m.[39mtoBe(log[33m.[39mid)[33m;[39m
     [90m  99 |[39m       expect(created[33m.[39maction)[33m.[39mtoBe(log
[33m.[39maction)[33m;[39m
    [31m[1m>[22m[39m[90m 100 |[39m       
expect(mockModel[33m.[39mcreate)[33m.[39mtoHaveBeenCalledWith({
     [90m     |[39m                                [31m[1m^[22m[39m
     [90m 101 |[39m         _id[33m:[39m log[33m.[39mid[33m,[39m
     [90m 102 |[39m         timestamp[33m:[39m 
log[33m.[39mtimestamp[33m,[39m
     [90m 103 |[39m         action[33m:[39m 
log[33m.[39maction[33m,[39m[0m

      at Object.<anonymous> 
(src/infra/repositories/mongodb/mongo-audit.repository.spec.ts:100:32)

  ÔùÅ MongoAuditRepository ÔÇ║ CREATE ÔÇ║ should create log with changes

    expect(jest.fn()).toHaveBeenCalledWith(...expected)

    Expected: ObjectContaining {"changes": {"name": {"from": "Old", "to": 
"New"}}}

    Number of calls: 0

    [0m [90m 124 |[39m       [36mawait[39m 
repository[33m.[39mcreate(log)[33m;[39m
     [90m 125 |[39m
    [31m[1m>[22m[39m[90m 126 |[39m       
expect(mockModel[33m.[39mcreate)[33m.[39mtoHaveBeenCalledWith(
     [90m     |[39m                                [31m[1m^[22m[39m
     [90m 127 |[39m         expect[33m.[39mobjectContaining({
     [90m 128 |[39m           changes[33m:[39m 
log[33m.[39mchanges[33m,[39m
     [90m 129 |[39m         })[33m,[39m[0m

      at Object.<anonymous> 
(src/infra/repositories/mongodb/mongo-audit.repository.spec.ts:126:32)

  ÔùÅ MongoAuditRepository ÔÇ║ CREATE ÔÇ║ should create log with metadata

    expect(jest.fn()).toHaveBeenCalledWith(...expected)

    Expected: ObjectContaining {"metadata": {"correlationId": "corr-1"}}

    Number of calls: 0

    [0m [90m 139 |[39m       [36mawait[39m 
repository[33m.[39mcreate(log)[33m;[39m
     [90m 140 |[39m
    [31m[1m>[22m[39m[90m 141 |[39m       
expect(mockModel[33m.[39mcreate)[33m.[39mtoHaveBeenCalledWith(
     [90m     |[39m                                [31m[1m^[22m[39m
     [90m 142 |[39m         expect[33m.[39mobjectContaining({
     [90m 143 |[39m           metadata[33m:[39m 
log[33m.[39mmetadata[33m,[39m
     [90m 144 |[39m         })[33m,[39m[0m

      at Object.<anonymous> 
(src/infra/repositories/mongodb/mongo-audit.repository.spec.ts:141:32)

  ÔùÅ MongoAuditRepository ÔÇ║ CREATE ÔÇ║ should handle duplicate key error

    expect(received).rejects.toThrow()

    Received promise resolved instead of rejected
    Resolved to value: {"action": "CREATE", "actor": {"email": 
"john@example.com", "id": "user-1", "name": "John Doe", "type": "user"}, "id": 
"log-1", "ipAddress": "192.0.2.1", "resource": {"id": "res-1", "label": "Test 
User", "type": "user"}, "timestamp": 2026-03-19T10:00:00.000Z, "userAgent": 
"Mozilla/5.0"}

    [0m [90m 150 |[39m       
mockModel[33m.[39mcreate[33m.[39mmockRejectedValue({ code[33m:[39m 
[35m11000[39m })[33m;[39m
     [90m 151 |[39m
    [31m[1m>[22m[39m[90m 152 |[39m       [36mawait[39m expect(repositor
y[33m.[39mcreate(log))[33m.[39mrejects[33m.[39mtoThrow()[33m;[39m
     [90m     |[39m             [31m[1m^[22m[39m
     [90m 153 |[39m     })[33m;[39m
     [90m 154 |[39m   })[33m;[39m
     [90m 155 |[39m[0m

      at expect (node_modules/expect/build/index.js:113:15)
      at Object.<anonymous> 
(src/infra/repositories/mongodb/mongo-audit.repository.spec.ts:152:13)

  ÔùÅ MongoAuditRepository ÔÇ║ findById ÔÇ║ should return log when it exists

    expect(jest.fn()).toHaveBeenCalledWith(...expected)

    Expected: "log-1"
    Received: {"id": "log-1"}

    Number of calls: 1

    [0m [90m 169 |[39m         action[33m:[39m 
log[33m.[39maction[33m,[39m
     [90m 170 |[39m       })[33m;[39m
    [31m[1m>[22m[39m[90m 171 |[39m       expect(mockModel[33m.[39mfindO
ne)[33m.[39mtoHaveBeenCalledWith(log[33m.[39mid)[33m;[39m
     [90m     |[39m                                 [31m[1m^[22m[39m
     [90m 172 |[39m     })[33m;[39m
     [90m 173 |[39m
     [90m 174 |[39m     it([32m"should return null when log does not 
exist"[39m[33m,[39m [36masync[39m () [33m=>[39m {[0m

      at Object.<anonymous> 
(src/infra/repositories/mongodb/mongo-audit.repository.spec.ts:171:33)

  ÔùÅ MongoAuditRepository ÔÇ║ query ÔÇ║ should apply default pagination

    expect(jest.fn()).toHaveBeenCalledWith(...expected)

    Expected: 100
    Received: 20

    Number of calls: 1

    [0m [90m 425 |[39m       [36mawait[39m 
repository[33m.[39mquery({})[33m;[39m
     [90m 426 |[39m
    [31m[1m>[22m[39m[90m 427 |[39m       expect(mockFind[33m.[39mlimit)
[33m.[39mtoHaveBeenCalledWith([35m100[39m)[33m;[39m
     [90m     |[39m                              [31m[1m^[22m[39m
     [90m 428 |[39m       expect(mockFind[33m.[39mskip)[33m.[39mtoHaveBee
nCalledWith([35m0[39m)[33m;[39m
     [90m 429 |[39m     })[33m;[39m
     [90m 430 |[39m[0m

      at Object.<anonymous> 
(src/infra/repositories/mongodb/mongo-audit.repository.spec.ts:427:30)

  ÔùÅ MongoAuditRepository ÔÇ║ exists ÔÇ║ should return true when count > 0

    TypeError: Cannot read properties of undefined (reading 'lean')

    [0m [90m 188 |[39m   [36masync[39m exists(filters[33m:[39m 
[33mPartial[39m[33m<[39m[33mAuditLogFilters[39m[33m>[39m)[33m:[39m 
[33mPromise[39m[33m<[39m[33mboolean[39m[33m>[39m {
     [90m 189 |[39m     [36mconst[39m query [33m=[39m 
[36mthis[39m[33m.[39mbuildQuery(filters)[33m;[39m
    [31m[1m>[22m[39m[90m 190 |[39m     [36mconst[39m document 
[33m=[39m [36mawait[39m [36mthis[39m[33m.[39mmodel[33m.[39mfindOne(qu
ery)[33m.[39mlean()[33m.[39mexec()[33m;[39m
     [90m     |[39m                                                     
[31m[1m^[22m[39m
     [90m 191 |[39m     [36mreturn[39m document [33m!==[39m 
[36mnull[39m[33m;[39m
     [90m 192 |[39m   }
     [90m 193 |[39m[0m

      at MongoAuditRepository.exists 
(src/infra/repositories/mongodb/mongo-audit.repository.ts:190:53)
      at Object.<anonymous> 
(src/infra/repositories/mongodb/mongo-audit.repository.spec.ts:540:39)

  ÔùÅ MongoAuditRepository ÔÇ║ exists ÔÇ║ should return false when count = 0

    TypeError: Cannot read properties of undefined (reading 'lean')

    [0m [90m 188 |[39m   [36masync[39m exists(filters[33m:[39m 
[33mPartial[39m[33m<[39m[33mAuditLogFilters[39m[33m>[39m)[33m:[39m 
[33mPromise[39m[33m<[39m[33mboolean[39m[33m>[39m {
     [90m 189 |[39m     [36mconst[39m query [33m=[39m 
[36mthis[39m[33m.[39mbuildQuery(filters)[33m;[39m
    [31m[1m>[22m[39m[90m 190 |[39m     [36mconst[39m document 
[33m=[39m [36mawait[39m [36mthis[39m[33m.[39mmodel[33m.[39mfindOne(qu
ery)[33m.[39mlean()[33m.[39mexec()[33m;[39m
     [90m     |[39m                                                     
[31m[1m^[22m[39m
     [90m 191 |[39m     [36mreturn[39m document [33m!==[39m 
[36mnull[39m[33m;[39m
     [90m 192 |[39m   }
     [90m 193 |[39m[0m

      at MongoAuditRepository.exists 
(src/infra/repositories/mongodb/mongo-audit.repository.ts:190:53)
      at Object.<anonymous> 
(src/infra/repositories/mongodb/mongo-audit.repository.spec.ts:548:39)

  ÔùÅ MongoAuditRepository ÔÇ║ deleteOlderThan ÔÇ║ should delete documents 
older than date

    TypeError: this.model.deleteMany(...).exec is not a function

    [0m [90m 206 |[39m [90m   */[39m
     [90m 207 |[39m   [36masync[39m deleteOlderThan(beforeDate[33m:[39m 
[33mDate[39m)[33m:[39m 
[33mPromise[39m[33m<[39m[33mnumber[39m[33m>[39m {
    [31m[1m>[22m[39m[90m 208 |[39m     [36mconst[39m result 
[33m=[39m [36mawait[39m 
[36mthis[39m[33m.[39mmodel[33m.[39mdeleteMany({ timestamp[33m:[39m { 
$lt[33m:[39m beforeDate } })[33m.[39mexec()[33m;[39m
     [90m     |[39m                                                          
                          [31m[1m^[22m[39m
     [90m 209 |[39m     [36mreturn[39m result[33m.[39mdeletedCount 
[33m||[39m [35m0[39m[33m;[39m
     [90m 210 |[39m   }
     [90m 211 |[39m[0m

      at MongoAuditRepository.deleteOlderThan 
(src/infra/repositories/mongodb/mongo-audit.repository.ts:208:84)
      at Object.<anonymous> 
(src/infra/repositories/mongodb/mongo-audit.repository.spec.ts:559:24)

  ÔùÅ MongoAuditRepository ÔÇ║ deleteOlderThan ÔÇ║ should handle no deletions

    expect(received).resolves.not.toThrow()

    Received promise rejected instead of resolved
    Rejected to value: [TypeError: this.model.deleteMany(...).exec is not a 
function]

    [0m [90m 567 |[39m       
mockModel[33m.[39mdeleteMany[33m.[39mmockResolvedValue({ 
deletedCount[33m:[39m [35m0[39m } [36mas[39m any)[33m;[39m
     [90m 568 |[39m
    [31m[1m>[22m[39m[90m 569 |[39m       [36mawait[39m 
expect(repository[33m.[39mdeleteOlderThan([36mnew[39m [33mDate[39m([32m"
2020-01-01"[39m)))[33m.[39mresolves[33m.[39mnot[33m.[39mtoThrow()[33m;
[39m
     [90m     |[39m             [31m[1m^[22m[39m
     [90m 570 |[39m     })[33m;[39m
     [90m 571 |[39m   })[33m;[39m
     [90m 572 |[39m[0m

      at expect (node_modules/expect/build/index.js:113:15)
      at Object.<anonymous> 
(src/infra/repositories/mongodb/mongo-audit.repository.spec.ts:569:13)

  ÔùÅ MongoAuditRepository ÔÇ║ document transformation ÔÇ║ should transform 
_id to id

    expect(received).toHaveProperty(path, value)

    Expected path: "id"
    Received path: []

    Expected value: "log-1"
    Received value: {"timestamp": 2026-03-19T10:00:00.000Z}

    [0m [90m 582 |[39m       [36mconst[39m found [33m=[39m 
[36mawait[39m repository[33m.[39mfindById(log[33m.[39mid)[33m;[39m
     [90m 583 |[39m
    [31m[1m>[22m[39m[90m 584 |[39m       
expect(found)[33m.[39mtoHaveProperty([32m"id"[39m[33m,[39m 
log[33m.[39mid)[33m;[39m
     [90m     |[39m                     [31m[1m^[22m[39m
     [90m 585 |[39m       expect(found)[33m.[39mnot[33m.[39mtoHavePropert
y([32m"_id"[39m)[33m;[39m
     [90m 586 |[39m     })[33m;[39m
     [90m 587 |[39m[0m

      at Object.<anonymous> 
(src/infra/repositories/mongodb/mongo-audit.repository.spec.ts:584:21)

  ÔùÅ MongoAuditRepository ÔÇ║ document transformation ÔÇ║ should transform 
array of documents

    expect(received).toHaveProperty(path, value)

    Expected path: "id"
    Received path: []

    Expected value: "log-1"
    Received value: {"action": "CREATE"}

    [0m [90m 615 |[39m
     [90m 616 |[39m       
expect(result[33m.[39mdata)[33m.[39mtoHaveLength([35m2[39m)[33m;[39m
    [31m[1m>[22m[39m[90m 617 |[39m       expect(result[33m.[39mdata[[3
5m0[39m])[33m.[39mtoHaveProperty([32m"id"[39m[33m,[39m 
[32m"log-1"[39m)[33m;[39m
     [90m     |[39m                              [31m[1m^[22m[39m
     [90m 618 |[39m       expect(result[33m.[39mdata[[35m0[39m])[33m.[3
9mnot[33m.[39mtoHaveProperty([32m"_id"[39m)[33m;[39m
     [90m 619 |[39m     })[33m;[39m
     [90m 620 |[39m   })[33m;[39m[0m

      at Object.<anonymous> 
(src/infra/repositories/mongodb/mongo-audit.repository.spec.ts:617:30)

FAIL src/infra/repositories/in-memory/in-memory-audit.repository.spec.ts
  ÔùÅ Test suite failed to run

    [96msrc/infra/repositories/in-memory/in-memory-audit.repository.ts[0m:[9
3m405[0m:[93m38[0m - [91merror[0m[90m TS18048: [0m'change' is possibly 
'undefined'.

    [7m405[0m             from: this.deepCopyValue(change.from),
    [7m   [0m [91m                                     ~~~~~~[0m
    [96msrc/infra/repositories/in-memory/in-memory-audit.repository.ts[0m:[9
3m406[0m:[93m36[0m - [91merror[0m[90m TS18048: [0m'change' is possibly 
'undefined'.

    [7m406[0m             to: this.deepCopyValue(change.to),
    [7m   [0m [91m                                   ~~~~~~[0m

FAIL test/integration.test.ts
  ÔùÅ Test suite failed to run

    [96msrc/infra/repositories/in-memory/in-memory-audit.repository.ts[0m:[9
3m405[0m:[93m38[0m - [91merror[0m[90m TS18048: [0m'change' is possibly 
'undefined'.

    [7m405[0m             from: this.deepCopyValue(change.from),
    [7m   [0m [91m                                     ~~~~~~[0m
    [96msrc/infra/repositories/in-memory/in-memory-audit.repository.ts[0m:[9
3m406[0m:[93m36[0m - [91merror[0m[90m TS18048: [0m'change' is possibly 
'undefined'.

    [7m406[0m             to: this.deepCopyValue(change.to),
    [7m   [0m [91m                                   ~~~~~~[0m

FAIL src/nest/module.spec.ts
  ÔùÅ Test suite failed to run

    [96msrc/infra/repositories/in-memory/in-memory-audit.repository.ts[0m:[9
3m405[0m:[93m38[0m - [91merror[0m[90m TS18048: [0m'change' is possibly 
'undefined'.

    [7m405[0m             from: this.deepCopyValue(change.from),
    [7m   [0m [91m                                     ~~~~~~[0m
    [96msrc/infra/repositories/in-memory/in-memory-audit.repository.ts[0m:[9
3m406[0m:[93m36[0m - [91merror[0m[90m TS18048: [0m'change' is possibly 
'undefined'.

    [7m406[0m             to: this.deepCopyValue(change.to),
    [7m   [0m [91m                                   ~~~~~~[0m

Test Suites: 4 failed, 5 passed, 9 total
Tests:       12 failed, 144 passed, 156 total
Snapshots:   0 total
Time:        18.499 s
Ran all test suites.
